
	Waiting for a master model to be uploaded ...
	Waiting for a master model to be uploaded ...
	Waiting for a master model to be uploaded ...
	Waiting for a master model to be uploaded ...
--------------------------------------------------------------------------------
Step: 1, Block: 2768980, Master: 0 Hash: 4e573cb9bea4300b9fef799145d1b45346d7e1528f9902e8d21368f8397b99ee
Failed to sync master state using deltas.
Downloading model from model-5F4UUMWF41GsLFvwVpigmoxTKVngDP6C7utvECgtQB83U3fJ-1726001256.pt@decis
/home/ubuntu/frontend/venv/lib/python3.10/site-packages/torch/cuda/__init__.py:654: UserWarning: Can't initialize NVML
  warnings.warn("Can't initialize NVML")
Downloaded model from model-5F4UUMWF41GsLFvwVpigmoxTKVngDP6C7utvECgtQB83U3fJ-1726001256.pt@decis in 115.46785712242126 seconds.

100%|â–ˆâ–ˆâ–ˆâ–ˆâ–ˆâ–ˆâ–ˆâ–ˆâ–ˆâ–ˆ| 3/3 [00:02<00:00,  1.08it/s]
loss 11.560517311096191
loss 3.0050125122070312
loss 2.6887435913085938
loss 2.16379976272583
loss 3.5239880084991455
loss 2.318013906478882
loss 3.3829751014709473
loss 2.718266248703003
loss 2.7754836082458496
loss 2.082409143447876
loss 2.530519485473633
loss 2.5562846660614014
loss 2.3285229206085205
loss 1.4303914308547974
loss 1.592549443244934
loss 2.8039727210998535
loss 2.4319756031036377
loss 1.7386085987091064
loss 2.0953848361968994
loss 1.6855218410491943
loss 1.63473379611969
loss 2.796046733856201
loss 1.869921326637268
loss 1.4933524131774902
loss 1.6703749895095825
loss 1.5666193962097168
loss 2.20991849899292
loss 1.075082778930664
loss 2.4455277919769287
loss 2.6582233905792236
loss 3.172330617904663
loss 2.6750707626342773
loss 2.3581395149230957
loss 3.0288965702056885
loss 2.391397714614868
loss 3.3584325313568115
loss 2.9627978801727295
loss 1.384830355644226
loss 3.1232101917266846
loss 2.288940906524658
loss 2.642805576324463
loss 1.4707975387573242
loss 2.295807123184204
loss 2.362579822540283
loss 2.0691897869110107
loss 1.5287480354309082
loss 2.6428565979003906
loss 2.787797212600708
loss 2.56791090965271
loss 2.616539716720581
loss 2.4080257415771484
loss 2.43306827545166
loss 1.7911804914474487
loss 3.2548038959503174
loss 2.770536422729492
loss 3.139504909515381
loss 2.2099039554595947
loss 2.6405818462371826
loss 1.0229687690734863
loss 2.3037784099578857
loss 3.51004958152771
loss 2.921452283859253
loss 2.5535619258880615
loss 2.347280740737915
loss 1.7768105268478394
loss 3.071031093597412
loss 2.72772479057312
loss 1.689876675605774
loss 1.862185001373291
loss 2.1621973514556885
loss 2.7939066886901855
loss 2.8520097732543945
loss 2.0367307662963867
loss 2.187401533126831
loss 1.713760495185852
Uploaded model to model-5D2uD6jYfLvpMPsngA3n4VAqxxmXSPtuku1TaXQnPdH3xohZ-1726001519.pt@decis in 20.669480562210083 seconds.

 67%|â–ˆâ–ˆâ–ˆâ–ˆâ–ˆâ–ˆâ–‹   | 2/3 [00:01<00:00,  1.09it/s]

100%|â–ˆâ–ˆâ–ˆâ–ˆâ–ˆâ–ˆâ–ˆâ–ˆâ–ˆâ–ˆ| 3/3 [00:03<00:00,  1.05s/it]
loss 1.7761504650115967
loss 2.1441402435302734
loss 3.5018527507781982
loss 2.8037736415863037
loss 1.4316949844360352
loss 1.2551096677780151
loss 2.323359966278076
loss 2.529444932937622
loss 2.591015100479126
loss 3.001469612121582
loss 2.352552890777588
loss 2.4972000122070312
loss 1.9386132955551147
loss 1.5125548839569092
loss 1.9572876691818237
loss 1.9481991529464722
loss 2.6086294651031494
loss 1.553161859512329
loss 2.442448377609253
loss 2.8337607383728027
loss 2.563847064971924
loss 1.045500636100769
loss 2.435638666152954
loss 2.4855761528015137
loss 1.8369555473327637
loss 2.1208364963531494
loss 2.481015920639038
loss 1.389356255531311
loss 2.1153011322021484
loss 2.2849507331848145
loss 1.6577163934707642
loss 2.9295129776000977
loss 2.919917106628418
loss 3.1102852821350098
loss 3.1740639209747314
loss 2.572598695755005
loss 1.906836748123169
loss 1.8865352869033813
loss 1.4200947284698486
loss 1.73899245262146
loss 2.981029987335205
loss 2.1219141483306885
loss 2.266085147857666
loss 2.3484067916870117
loss 2.331317663192749
loss 3.367401123046875
loss 3.630507707595825
loss 2.057878255844116
loss 2.0788938999176025
loss 2.070106029510498
loss 1.9891104698181152
loss 1.1824079751968384
loss 3.285593032836914
loss 1.9119983911514282
loss 2.4734749794006348
loss 3.384577751159668
loss 0.5918945074081421
loss 2.033705472946167
loss 2.320183753967285
loss 2.2280070781707764
loss 2.8700478076934814
loss 2.391430616378784
loss 2.8288214206695557
loss 2.610990047454834
loss 2.3006043434143066
loss 2.24537992477417
loss 1.8174806833267212
loss 1.8645858764648438
loss 1.5971949100494385
loss 2.2601318359375
loss 3.1980838775634766
loss 2.4307379722595215
loss 1.7297154664993286
loss 2.4102210998535156
Uploaded model to model-5D2uD6jYfLvpMPsngA3n4VAqxxmXSPtuku1TaXQnPdH3xohZ-1726001655.pt@decis in 25.421526670455933 seconds.

100%|â–ˆâ–ˆâ–ˆâ–ˆâ–ˆâ–ˆâ–ˆâ–ˆâ–ˆâ–ˆ| 3/3 [00:02<00:00,  1.20it/s]
loss 2.0997090339660645
loss 1.6009981632232666
loss 1.3943819999694824
loss 1.8958466053009033
loss 2.259697437286377
loss 3.286432981491089
loss 1.4667786359786987
loss 2.4220025539398193
loss 2.752610445022583
loss 2.443495035171509
loss 1.4313640594482422
loss 2.324413776397705
loss 1.8528119325637817
loss 3.0478146076202393
loss 3.00215744972229
loss 2.3081259727478027
loss 2.0742316246032715
loss 2.534351348876953
loss 1.6054080724716187
loss 2.130481481552124
loss 3.281480073928833
loss 2.670042037963867
loss 2.56134033203125
loss 2.6275253295898438
loss 1.4595863819122314
loss 2.1770517826080322
loss 3.0585570335388184
loss 1.4972695112228394
loss 1.1418956518173218
loss 1.3331741094589233
loss 1.6082186698913574
loss 3.2645370960235596
loss 2.8944976329803467
loss 2.302821397781372
loss 2.6834115982055664
loss 3.2050042152404785
loss 2.886254072189331
loss 3.007009744644165
loss 2.785200834274292
loss 3.2689952850341797
loss 1.8974766731262207
loss 2.290881872177124
loss 3.354121446609497
loss 1.910042643547058
loss 1.4919904470443726
loss 1.0467431545257568
loss 1.7992702722549438
loss 1.9332658052444458
loss 1.9541974067687988
loss 1.6942111253738403
loss 2.4771296977996826
loss 2.2039003372192383
loss 1.7406830787658691
loss 2.194646120071411
loss 2.2985610961914062
loss 3.4758875370025635
loss 2.4933199882507324
loss 1.211451530456543
loss 1.534464716911316
loss 0.8985568284988403
loss 1.7777459621429443
loss 2.456695795059204
loss 3.2240376472473145
loss 1.5440404415130615
loss 3.5370612144470215
loss 2.1106629371643066
loss 0.8858424425125122
loss 1.9825000762939453
loss 1.5728449821472168
loss 3.1665444374084473
loss 2.4361541271209717
loss 2.0700478553771973
loss 1.6147699356079102
loss 1.9688676595687866
loss 1.9676982164382935
Uploaded model to model-5D2uD6jYfLvpMPsngA3n4VAqxxmXSPtuku1TaXQnPdH3xohZ-1726001802.pt@decis in 20.413780689239502 seconds.
A new master has been uploaded, break the loop.
--------------------------------------------------------------------------------
Step: 2, Block: 2769025, Master: 0 Hash: 794c6a1f403eef0f83c5fb5a8ec69a9489961f2abdda292606e294b61340e62f
Failed to sync master state using deltas.
Downloading model from model-5F4UUMWF41GsLFvwVpigmoxTKVngDP6C7utvECgtQB83U3fJ-1726001659.pt@decis
Downloaded model from model-5F4UUMWF41GsLFvwVpigmoxTKVngDP6C7utvECgtQB83U3fJ-1726001659.pt@decis in 22.739347219467163 seconds.


100%|â–ˆâ–ˆâ–ˆâ–ˆâ–ˆâ–ˆâ–ˆâ–ˆâ–ˆâ–ˆ| 3/3 [00:02<00:00,  1.05it/s]
loss 2.6018199920654297
loss 2.9866843223571777
loss 3.217348337173462
loss 1.821904182434082
loss 3.280341863632202
loss 3.026522397994995
loss 3.041926145553589
loss 2.403871536254883
loss 2.244983434677124
loss 1.4091660976409912
loss 2.829352617263794
loss 1.7779289484024048
loss 3.827885389328003
loss 2.2674129009246826
loss 1.8984911441802979
loss 2.464611053466797
loss 1.693153738975525
loss 2.892296552658081
loss 3.091181516647339
loss 1.104047417640686
loss 2.6310043334960938
loss 3.552696704864502
loss 1.9004347324371338
loss 3.47017502784729
loss 2.5860111713409424
loss 2.097215175628662
loss 2.7582061290740967
loss 2.504945993423462
loss 2.457385301589966
loss 2.6566452980041504
loss 2.7510433197021484
loss 2.6960484981536865
loss 2.6921212673187256
loss 3.2672741413116455
loss 2.7490766048431396
loss 2.2195045948028564
loss 2.2873482704162598
loss 2.536289691925049
loss 2.8867156505584717
loss 2.4557483196258545
loss 1.8688929080963135
loss 2.1480841636657715
loss 2.63659405708313
loss 1.180843710899353
loss 2.502204179763794
loss 2.864779472351074
loss 3.400355815887451
loss 1.7356219291687012
loss 1.4456737041473389
loss 1.308026909828186
loss 2.0948517322540283
loss 3.608065366744995
loss 0.9922399520874023
loss 2.482003927230835
loss 2.403918743133545
loss 1.4693270921707153
loss 1.7129863500595093
loss 3.0907857418060303
loss 2.0544209480285645
loss 1.5136160850524902
loss 1.467389702796936
loss 1.372847080230713
loss 0.7587184309959412
loss 3.6386592388153076
loss 1.8177616596221924
loss 2.467876672744751
loss 0.8455522060394287
loss 1.0983439683914185
loss 1.9862782955169678
loss 2.646541118621826
loss 2.268160104751587
loss 1.3079538345336914
loss 2.7915470600128174
loss 1.9341872930526733
loss 1.3537437915802002
Uploaded model to model-5D2uD6jYfLvpMPsngA3n4VAqxxmXSPtuku1TaXQnPdH3xohZ-1726001973.pt@decis in 21.98518180847168 seconds.


100%|â–ˆâ–ˆâ–ˆâ–ˆâ–ˆâ–ˆâ–ˆâ–ˆâ–ˆâ–ˆ| 3/3 [00:02<00:00,  1.03it/s]
loss 3.8127520084381104
loss 1.6242730617523193
loss 1.8772125244140625
loss 1.6798006296157837
loss 2.3992209434509277
loss 1.520601511001587
loss 2.8137011528015137
loss 2.838192939758301
loss 2.206528425216675
loss 1.63608980178833
loss 1.8713908195495605
loss 1.8632936477661133
loss 2.162428855895996
loss 2.945875883102417
loss 1.7380141019821167
loss 1.3119598627090454
loss 2.6483070850372314
loss 2.304506540298462
loss 2.653212070465088
loss 2.174455404281616
loss 3.7000019550323486
loss 1.8212356567382812
loss 2.3181116580963135
loss 2.9464144706726074
loss 1.9094945192337036
loss 1.9447208642959595
loss 2.3878273963928223
loss 2.116520643234253
loss 1.7346768379211426
loss 2.1576740741729736
loss 2.521435022354126
loss 1.896486520767212
loss 2.267183780670166
loss 2.9064643383026123
loss 1.7125754356384277
loss 2.0563652515411377
loss 3.1776607036590576
loss 2.352548599243164
loss 2.664100170135498
loss 2.4085018634796143
loss 3.2281575202941895
loss 1.9777926206588745
loss 2.503199577331543
loss 1.9654582738876343
loss 1.552362084388733
loss 2.2890312671661377
loss 2.8366377353668213
loss 1.5579900741577148
loss 2.055729627609253
loss 2.0529463291168213
loss 1.679703712463379
loss 3.313899278640747
loss 2.4067885875701904
loss 2.6715517044067383
loss 1.9708021879196167
loss 2.244428873062134
loss 1.5760984420776367
loss 2.041769027709961
loss 2.6895596981048584
loss 1.6658484935760498
loss 1.9461486339569092
loss 2.5356836318969727
loss 3.1421451568603516
loss 2.2072620391845703
loss 2.4064478874206543
loss 2.0246546268463135
loss 2.1739723682403564
loss 1.5165396928787231
loss 1.9033955335617065
loss 1.270851731300354
loss 2.1286888122558594
loss 3.1614530086517334
loss 3.130136013031006
loss 2.1642744541168213
loss 1.8498824834823608
Uploaded model to model-5D2uD6jYfLvpMPsngA3n4VAqxxmXSPtuku1TaXQnPdH3xohZ-1726002110.pt@decis in 22.755736827850342 seconds.
Deleting old delta: model-5D2uD6jYfLvpMPsngA3n4VAqxxmXSPtuku1TaXQnPdH3xohZ-1726001519.pt, still holding: 4 files.
[34m2024-09-10 21:02:13.119[39m | [33m[1m    WARNING     [39m[22m | Expecting value: line 1 column 1 (char 0) - %s, retrying in %s seconds... - 1
[34m2024-09-10 21:02:14.122[39m | [33m[1m    WARNING     [39m[22m | EOF occurred in violation of protocol (_ssl.c:2426) - %s, retrying in %s seconds... - 2
EOF occurred in violation of protocol (_ssl.c:2426)
Error: 'NoneType' object has no attribute 'model_hash'
--------------------------------------------------------------------------------
Step: 3, Block: 2769051, Master: 0 Hash: a9ec64c3cc8f1a1fd7195efd7b33576b566a091dcb0e1a7ac369b19145e8b643
Failed to sync master state using deltas.
Downloading model from model-5F4UUMWF41GsLFvwVpigmoxTKVngDP6C7utvECgtQB83U3fJ-1726001999.pt@decis
Downloaded model from model-5F4UUMWF41GsLFvwVpigmoxTKVngDP6C7utvECgtQB83U3fJ-1726001999.pt@decis in 24.807595252990723 seconds.

100%|â–ˆâ–ˆâ–ˆâ–ˆâ–ˆâ–ˆâ–ˆâ–ˆâ–ˆâ–ˆ| 3/3 [00:03<00:00,  1.11s/it]
loss 1.6699128150939941
loss 2.04569673538208
loss 2.252394676208496
loss 0.9816297888755798
loss 2.212834119796753
loss 3.050722122192383
loss 2.162299394607544
loss 2.0358128547668457
loss 1.660604476928711
loss 3.3995585441589355
loss 2.011863946914673
loss 2.2785892486572266
loss 2.271919012069702
loss 2.401564359664917
loss 3.0217952728271484
loss 1.865549921989441
loss 1.9245262145996094
loss 2.9661810398101807
loss 1.2215299606323242
loss 2.970957040786743
loss 1.3736523389816284
loss 1.9042744636535645
loss 1.8566937446594238
loss 3.03082013130188
loss 1.7242838144302368
loss 2.3365964889526367
loss 2.968632221221924
loss 1.834572434425354
loss 1.8187237977981567
loss 2.0747549533843994
loss 2.401735782623291
loss 1.746193766593933
loss 1.6649025678634644
loss 1.5491490364074707
loss 1.396733283996582
loss 2.8893206119537354
loss 2.4812042713165283
loss 2.304469347000122
loss 3.2947287559509277
loss 3.037666082382202
loss 2.3882763385772705
loss 2.082904815673828
loss 1.6962138414382935
loss 2.3166086673736572
loss 2.655390739440918
loss 2.2706217765808105
loss 1.9573966264724731
loss 2.826033115386963
loss 2.114677667617798
loss 1.520240068435669
loss 2.1097664833068848
loss 2.5363049507141113
loss 1.9475786685943604
loss 2.024839401245117
loss 2.74137806892395
loss 1.3570595979690552
loss 3.1177151203155518
loss 1.9189252853393555
loss 2.685655355453491
loss 1.7263550758361816
loss 1.212389349937439
loss 2.395447254180908
loss 3.1365745067596436
loss 1.5774153470993042
loss 2.51731276512146
loss 2.730006456375122
loss 2.6530537605285645
loss 1.8948571681976318
loss 1.9721180200576782
loss 3.752072334289551
loss 2.8007900714874268
loss 2.4894847869873047
loss 2.657390594482422
loss 1.7532391548156738
loss 1.7163159847259521
Uploaded model to model-5D2uD6jYfLvpMPsngA3n4VAqxxmXSPtuku1TaXQnPdH3xohZ-1726002292.pt@decis in 22.70769953727722 seconds.
Deleting old delta: model-5D2uD6jYfLvpMPsngA3n4VAqxxmXSPtuku1TaXQnPdH3xohZ-1726001655.pt, still holding: 4 files.

 67%|â–ˆâ–ˆâ–ˆâ–ˆâ–ˆâ–ˆâ–‹   | 2/3 [00:01<00:00,  1.05it/s]

100%|â–ˆâ–ˆâ–ˆâ–ˆâ–ˆâ–ˆâ–ˆâ–ˆâ–ˆâ–ˆ| 3/3 [00:02<00:00,  1.18it/s]
loss 1.8997182846069336
loss 2.4497060775756836
loss 2.9177017211914062
loss 2.6732101440429688
loss 2.2929441928863525
loss 2.2558236122131348
loss 1.7164186239242554
loss 3.265706777572632
loss 3.0401053428649902
loss 2.302809476852417
loss 1.8848743438720703
loss 2.5341944694519043
loss 3.5332953929901123
loss 2.169358730316162
loss 2.4891645908355713
loss 1.8180545568466187
loss 2.6608541011810303
loss 2.0592398643493652
loss 2.4633584022521973
loss 2.0563464164733887
loss 3.360703468322754
loss 2.5721688270568848
loss 2.292294979095459
loss 2.4700605869293213
loss 2.336287498474121
loss 1.812070608139038
loss 1.451046109199524
loss 2.3360209465026855
loss 2.5358493328094482
loss 2.0548007488250732
loss 3.278970241546631
loss 1.2903915643692017
loss 1.780154824256897
loss 2.0154342651367188
loss 1.9597868919372559
loss 3.0294852256774902
loss 3.64892578125
loss 2.0273189544677734
loss 2.076956272125244
loss 3.1946990489959717
loss 1.9055548906326294
loss 3.111184597015381
loss 2.15098237991333
loss 2.454094171524048
loss 3.120366096496582
loss 1.821504831314087
loss 1.6477652788162231
loss 1.774248719215393
loss 2.634917736053467
loss 2.689920425415039
loss 1.9755171537399292
loss 1.839943528175354
loss 3.4574429988861084
loss 2.304835796356201
loss 2.596147298812866
loss 2.752925395965576
loss 1.5080592632293701
loss 2.742903232574463
loss 3.2545652389526367
loss 3.5118939876556396
loss 1.5631132125854492
loss 1.368565559387207
loss 1.472662091255188
loss 2.9237427711486816
loss 2.312262535095215
loss 1.490989327430725
loss 1.8165215253829956
loss 2.310365676879883
loss 2.811354637145996
loss 2.2004892826080322
loss 2.955012321472168
loss 1.5085402727127075
loss 2.4451918601989746
loss 2.7510945796966553
Uploaded model to model-5D2uD6jYfLvpMPsngA3n4VAqxxmXSPtuku1TaXQnPdH3xohZ-1726002429.pt@decis in 25.216585397720337 seconds.
Deleting old delta: model-5D2uD6jYfLvpMPsngA3n4VAqxxmXSPtuku1TaXQnPdH3xohZ-1726001802.pt, still holding: 4 files.
A new master has been uploaded, break the loop.
--------------------------------------------------------------------------------
Step: 4, Block: 2769078, Master: 0 Hash: f5745c7935a9a5096fcfc892f6fbbe06fe83699fb8752a26b17e312fee8f171c
Failed to sync master state using deltas.
Downloading model from model-5F4UUMWF41GsLFvwVpigmoxTKVngDP6C7utvECgtQB83U3fJ-1726002406.pt@decis
Downloaded model from model-5F4UUMWF41GsLFvwVpigmoxTKVngDP6C7utvECgtQB83U3fJ-1726002406.pt@decis in 21.391108512878418 seconds.

100%|â–ˆâ–ˆâ–ˆâ–ˆâ–ˆâ–ˆâ–ˆâ–ˆâ–ˆâ–ˆ| 3/3 [00:02<00:00,  1.26it/s]
loss 1.312342643737793
loss 1.7296215295791626
loss 1.2547343969345093
loss 2.479311466217041
loss 3.5877718925476074
loss 3.5647332668304443
loss 1.5142242908477783
loss 1.952406883239746
loss 1.1723641157150269
loss 3.0661845207214355
loss 2.2583134174346924
loss 2.9073750972747803
loss 2.2904052734375
loss 2.170555353164673
loss 2.8213050365448
loss 2.925593376159668
loss 1.4952245950698853
loss 2.4563937187194824
loss 2.0982964038848877
loss 3.1269378662109375
loss 2.792489528656006
loss 3.120500087738037
loss 2.064847230911255
loss 1.5979470014572144
loss 2.0075018405914307
loss 2.505324602127075
loss 2.2955782413482666
loss 2.929628610610962
loss 2.0443875789642334
loss 2.8351664543151855
loss 2.0338287353515625
loss 2.1507742404937744
loss 3.052973985671997
loss 1.3749213218688965
loss 2.7620396614074707
loss 2.422888994216919
loss 2.1422431468963623
loss 3.5675418376922607
loss 2.2486188411712646
loss 1.1710481643676758
loss 2.349292755126953
loss 2.753992795944214
loss 2.7440569400787354
loss 2.7686030864715576
loss 2.2880630493164062
loss 1.7656359672546387
loss 1.9007078409194946
loss 1.214199423789978
loss 2.356200695037842
loss 2.7119081020355225
loss 2.3297431468963623
loss 1.7220324277877808
loss 1.7991153001785278
loss 3.0006186962127686
loss 1.1920145750045776
loss 3.306264638900757
loss 2.749948501586914
loss 1.584890604019165
loss 1.7953959703445435
loss 1.6781888008117676
loss 2.558065176010132
loss 3.012347936630249
loss 2.568525791168213
loss 2.3265552520751953
loss 1.2858906984329224
loss 1.8905055522918701
loss 1.6079412698745728
loss 4.191653251647949
loss 3.0622081756591797
loss 3.245513677597046
loss 3.407127618789673
loss 1.9135891199111938
loss 2.4867541790008545
loss 3.059770345687866
loss 2.0598700046539307
Uploaded model to model-5D2uD6jYfLvpMPsngA3n4VAqxxmXSPtuku1TaXQnPdH3xohZ-1726002602.pt@decis in 23.82854437828064 seconds.
Deleting old delta: model-5D2uD6jYfLvpMPsngA3n4VAqxxmXSPtuku1TaXQnPdH3xohZ-1726001973.pt, still holding: 4 files.


100%|â–ˆâ–ˆâ–ˆâ–ˆâ–ˆâ–ˆâ–ˆâ–ˆâ–ˆâ–ˆ| 3/3 [00:02<00:00,  1.04it/s]
loss 1.4562726020812988
loss 1.9048681259155273
loss 1.5100171566009521
loss 1.9645826816558838
loss 2.8327488899230957
loss 2.922863006591797
loss 2.2801458835601807
loss 2.653048038482666
loss 3.227086067199707
loss 2.9786887168884277
loss 2.414649248123169
loss 2.5102341175079346
loss 1.0858933925628662
loss 1.6322882175445557
loss 1.9040875434875488
loss 3.1832988262176514
loss 2.658419132232666
loss 2.4053449630737305
loss 1.5642801523208618
loss 3.3878917694091797
loss 2.7298223972320557
loss 1.4379158020019531
loss 3.080928325653076
loss 2.076457977294922
loss 2.8546054363250732
loss 2.1641502380371094
loss 2.0554158687591553
loss 3.297109842300415
loss 3.4857001304626465
loss 2.554424285888672
loss 1.9042669534683228
loss 2.497138738632202
loss 3.2770705223083496
loss 1.8320112228393555
loss 2.2980449199676514
loss 2.302823066711426
loss 2.36801815032959
loss 2.431213140487671
loss 2.1173343658447266
loss 2.567641496658325
loss 3.6535701751708984
loss 3.3501036167144775
loss 2.1272988319396973
loss 3.0800609588623047
loss 1.9183369874954224
loss 1.6972841024398804
loss 2.5618934631347656
loss 3.2045493125915527
loss 3.258967161178589
loss 2.90366792678833
loss 2.954315423965454
loss 3.0175178050994873
loss 2.3536107540130615
loss 2.132750988006592
loss 2.440246105194092
loss 2.9415342807769775
loss 2.3583121299743652
loss 1.3417339324951172
loss 1.1795681715011597
loss 3.045797348022461
loss 2.2958059310913086
loss 2.4006457328796387
loss 2.738823175430298
loss 2.5780534744262695
loss 3.4962987899780273
loss 2.1433370113372803
loss 1.8158142566680908
loss 2.9464948177337646
loss 3.8726003170013428
loss 1.822136402130127
loss 2.052586793899536
loss 1.4324668645858765
loss 2.7304627895355225
loss 2.7275688648223877
loss 2.1746206283569336
Uploaded model to model-5D2uD6jYfLvpMPsngA3n4VAqxxmXSPtuku1TaXQnPdH3xohZ-1726002742.pt@decis in 23.938860416412354 seconds.
Deleting old delta: model-5D2uD6jYfLvpMPsngA3n4VAqxxmXSPtuku1TaXQnPdH3xohZ-1726002110.pt, still holding: 4 files.
A new master has been uploaded, break the loop.
--------------------------------------------------------------------------------
Step: 5, Block: 2769104, Master: 0 Hash: d15e331787bf1f251183313ada6b7a4a645e38959b468b6ae80957a8bd60ac81
Failed to sync master state using deltas.
Downloading model from model-5F4UUMWF41GsLFvwVpigmoxTKVngDP6C7utvECgtQB83U3fJ-1726002741.pt@decis
Downloaded model from model-5F4UUMWF41GsLFvwVpigmoxTKVngDP6C7utvECgtQB83U3fJ-1726002741.pt@decis in 27.010457754135132 seconds.
Deleting: model-5D2uD6jYfLvpMPsngA3n4VAqxxmXSPtuku1TaXQnPdH3xohZ-1726002292.pt
Traceback (most recent call last):
  File "/home/ubuntu/frontend/bistro/miner.py", line 125, in main
    if config.use_wandb: wandb.log({ "n_failed_sync": n_failed_sync, "n_success_sync": n_success_sync } )
  File "/home/ubuntu/frontend/bistro/common.py", line 92, in hash_model
    module_hash = hashlib.sha256(concatenated_model_states_bytes).hexdigest()
KeyboardInterrupt
During handling of the above exception, another exception occurred:
Traceback (most recent call last):
  File "/home/ubuntu/frontend/bistro/miner.py", line 241, in <module>
  File "/home/ubuntu/frontend/bistro/miner.py", line 213, in main
    print (f"Error: {e}")
  File "/home/ubuntu/frontend/bistro/miner.py", line 64, in handle_exit_signal
    raise ValueError(f'Wallet {wallet} is not registered on subnet: {metagraph.netuid}')
AttributeError: 'Run' object has no attribute 'delete'
â•­â”€â”€â”€â”€â”€â”€â”€â”€â”€â”€â”€â”€â”€â”€â”€â”€â”€â”€â”€â”€â”€ Traceback (most recent call last) â”€â”€â”€â”€â”€â”€â”€â”€â”€â”€â”€â”€â”€â”€â”€â”€â”€â”€â”€â”€â”€â”€â•®
â”‚ /home/ubuntu/frontend/bistro/miner.py:125 in main                            â”‚
â”‚                                                                              â”‚
â”‚   122 â”‚   â”‚   â”‚   else:                                                      â”‚
â”‚   123 â”‚   â”‚   â”‚   â”‚   print ('Successfully synced master state using deltas. â”‚
â”‚   124 â”‚   â”‚   â”‚   â”‚   n_success_sync += 1                                    â”‚
â”‚ â± 125 â”‚   â”‚   â”‚   if config.use_wandb: wandb.log({ "n_failed_sync": n_failed â”‚
â”‚   126 â”‚   â”‚   â”‚                                                              â”‚
â”‚   127 â”‚   â”‚   â”‚                                                              â”‚
â”‚   128 â”‚   â”‚   â”‚   # Record previous state.                                   â”‚
â”‚                                                                              â”‚
â”‚ /home/ubuntu/frontend/bistro/common.py:92 in hash_model                      â”‚
â”‚                                                                              â”‚
â”‚    89 â”‚   )                                                                  â”‚
â”‚    90 â”‚                                                                      â”‚
â”‚    91 â”‚   # Generate a SHA-256 hash from the concatenated bytes.             â”‚
â”‚ â±  92 â”‚   module_hash = hashlib.sha256(concatenated_model_states_bytes).hexd â”‚
â”‚    93 â”‚   return module_hash                                                 â”‚
â”‚    94                                                                        â”‚
â”‚    95 def get_latest_metadata_for_hotkey_and_bucket(                         â”‚
â•°â”€â”€â”€â”€â”€â”€â”€â”€â”€â”€â”€â”€â”€â”€â”€â”€â”€â”€â”€â”€â”€â”€â”€â”€â”€â”€â”€â”€â”€â”€â”€â”€â”€â”€â”€â”€â”€â”€â”€â”€â”€â”€â”€â”€â”€â”€â”€â”€â”€â”€â”€â”€â”€â”€â”€â”€â”€â”€â”€â”€â”€â”€â”€â”€â”€â”€â”€â”€â”€â”€â”€â”€â”€â”€â”€â”€â”€â”€â•¯
KeyboardInterrupt
During handling of the above exception, another exception occurred:
â•­â”€â”€â”€â”€â”€â”€â”€â”€â”€â”€â”€â”€â”€â”€â”€â”€â”€â”€â”€â”€â”€ Traceback (most recent call last) â”€â”€â”€â”€â”€â”€â”€â”€â”€â”€â”€â”€â”€â”€â”€â”€â”€â”€â”€â”€â”€â”€â•®
â”‚ /home/ubuntu/frontend/bistro/miner.py:241 in <module>                        â”‚
â”‚                                                                              â”‚
â”‚   238                                                                        â”‚
â”‚                                                                              â”‚
â”‚ /home/ubuntu/frontend/bistro/miner.py:213 in main                            â”‚
â”‚                                                                              â”‚
â”‚   210 â”‚   â”‚                                                                  â”‚
â”‚   211 â”‚   â”‚   # Handle unknown exceptions, continue training after 5 seconds â”‚
â”‚   212 â”‚   â”‚   except Exception as e:                                         â”‚
â”‚ â± 213 â”‚   â”‚   â”‚   print (f"Error: {e}")                                      â”‚
â”‚   214 â”‚   â”‚   â”‚   time.sleep(5)                                              â”‚
â”‚   215 â”‚   â”‚   â”‚   continue                                                   â”‚
â”‚   216                                                                        â”‚
â”‚                                                                              â”‚
â”‚ /home/ubuntu/frontend/bistro/miner.py:64 in handle_exit_signal               â”‚
â”‚                                                                              â”‚
â”‚    61 â”‚   subtensor = bt.subtensor( config = config )                        â”‚
â”‚    62 â”‚   metagraph = subtensor.metagraph( netuid = config.netuid )          â”‚
â”‚    63 â”‚   if wallet.hotkey.ss58_address not in metagraph.hotkeys:            â”‚
â”‚ â±  64 â”‚   â”‚   raise ValueError(f'Wallet {wallet} is not registered on subnet â”‚
â”‚    65 â”‚   my_uid = metagraph.hotkeys.index( wallet.hotkey.ss58_address )     â”‚
â”‚    66 â”‚   print ( f'Wallet: {wallet}\nSubtensor: {subtensor}\nMetagraph: {me â”‚
â”‚    67                                                                        â”‚
â•°â”€â”€â”€â”€â”€â”€â”€â”€â”€â”€â”€â”€â”€â”€â”€â”€â”€â”€â”€â”€â”€â”€â”€â”€â”€â”€â”€â”€â”€â”€â”€â”€â”€â”€â”€â”€â”€â”€â”€â”€â”€â”€â”€â”€â”€â”€â”€â”€â”€â”€â”€â”€â”€â”€â”€â”€â”€â”€â”€â”€â”€â”€â”€â”€â”€â”€â”€â”€â”€â”€â”€â”€â”€â”€â”€â”€â”€â”€â•¯
AttributeError: 'Run' object has no attribute 'delete'
Deleting: model-5D2uD6jYfLvpMPsngA3n4VAqxxmXSPtuku1TaXQnPdH3xohZ-1726002429.pt
Deleting: model-5D2uD6jYfLvpMPsngA3n4VAqxxmXSPtuku1TaXQnPdH3xohZ-1726002602.pt